../MCAL/EXTI/Stm32_F103C6_EXTI_driver.c:8:6:EXTI0_IRQHandler	8	static
../MCAL/EXTI/Stm32_F103C6_EXTI_driver.c:13:6:EXTI1_IRQHandler	8	static
../MCAL/EXTI/Stm32_F103C6_EXTI_driver.c:18:6:EXTI2_IRQHandler	8	static
../MCAL/EXTI/Stm32_F103C6_EXTI_driver.c:23:6:EXTI3_IRQHandler	8	static
../MCAL/EXTI/Stm32_F103C6_EXTI_driver.c:28:6:EXTI4_IRQHandler	8	static
../MCAL/EXTI/Stm32_F103C6_EXTI_driver.c:33:6:EXTI9_5_IRQHandler	16	static
../MCAL/EXTI/Stm32_F103C6_EXTI_driver.c:44:6:EXTI15_10_IRQHandler	16	static
../MCAL/EXTI/Stm32_F103C6_EXTI_driver.c:59:6:EXTI_INIT	16	static
../MCAL/EXTI/Stm32_F103C6_EXTI_driver.c:63:6:EXTI_DeInit	4	static
../MCAL/EXTI/Stm32_F103C6_EXTI_driver.c:72:6:EXTI_UPDATE	32	static
