
Memory Configuration

Name             Origin             Length             Attributes
flash            0x08000000         0x00020000         xr
sram             0x20000000         0x00005000         xrw
*default*        0x00000000         0xffffffff

Linker script and memory map


.text           0x08000000      0x184
 *(.vectors*)
 .vectors       0x08000000       0x1c ./debug/startup.o
                0x08000000                vector_table
 *(.text*)
 .text          0x0800001c       0xdc ./debug/app.o
                0x0800001c                _sbrk
                0x08000070                main
 .text          0x080000f8       0x8c ./debug/startup.o
                0x080000f8                reset_handler
                0x08000178                H_FAULT_HANDLER
                0x08000178                BUS_FAULT
                0x08000178                MM_FAULT_HANDLER
                0x08000178                Default_Handler
                0x08000178                USAGE_FAULT
                0x08000178                NMI_HANDLER
 *(.rodata*)
                0x08000184                _E_text = .

.glue_7         0x08000184        0x0
 .glue_7        0x08000184        0x0 linker stubs

.glue_7t        0x08000184        0x0
 .glue_7t       0x08000184        0x0 linker stubs

.vfp11_veneer   0x08000184        0x0
 .vfp11_veneer  0x08000184        0x0 linker stubs

.v4_bx          0x08000184        0x0
 .v4_bx         0x08000184        0x0 linker stubs

.iplt           0x08000184        0x0
 .iplt          0x08000184        0x0 ./debug/app.o

.rel.dyn        0x08000184        0x0
 .rel.iplt      0x08000184        0x0 ./debug/app.o

.data           0x20000000       0x64 load address 0x08000184
                0x20000000                _S_data = .
 *(.data)
 .data          0x20000000       0x64 ./debug/app.o
                0x20000000                array_data_test
 .data          0x20000064        0x0 ./debug/startup.o
 *(.data*)
                0x20000064                _E_data = .

.igot.plt       0x20000064        0x0 load address 0x080001e8
 .igot.plt      0x20000064        0x0 ./debug/app.o

.bss            0x20000064     0x2068 load address 0x080001e8
                0x20000064                _S_bss = .
 *(.bss*)
 .bss           0x20000064       0x68 ./debug/app.o
                0x20000064                array_bss_test
 .bss           0x200000cc        0x0 ./debug/startup.o
                0x200000cc                . = ALIGN (0x4)
                0x200000cc                _E_bss = .
                0x200010cc                . = (. + 0x1000)
 *fill*         0x200000cc     0x1000 
                0x200010cc                heap_end = .
                0x200010cc                . = ALIGN (0x4)
                0x200020cc                . = (. + 0x1000)
 *fill*         0x200010cc     0x1000 
                0x200020cc                stack_top = .
LOAD ./debug/app.o
LOAD ./debug/startup.o
OUTPUT(debug/lab_3.elf elf32-littlearm)
LOAD linker stubs

.debug_info     0x00000000      0x30c
 .debug_info    0x00000000      0x1ba ./debug/app.o
 .debug_info    0x000001ba      0x152 ./debug/startup.o

.debug_abbrev   0x00000000      0x1db
 .debug_abbrev  0x00000000      0x109 ./debug/app.o
 .debug_abbrev  0x00000109       0xd2 ./debug/startup.o

.debug_loc      0x00000000      0x110
 .debug_loc     0x00000000       0x94 ./debug/app.o
 .debug_loc     0x00000094       0x7c ./debug/startup.o

.debug_aranges  0x00000000       0x40
 .debug_aranges
                0x00000000       0x20 ./debug/app.o
 .debug_aranges
                0x00000020       0x20 ./debug/startup.o

.debug_line     0x00000000      0x168
 .debug_line    0x00000000       0xa6 ./debug/app.o
 .debug_line    0x000000a6       0xc2 ./debug/startup.o

.debug_str      0x00000000      0x1d4
 .debug_str     0x00000000      0x165 ./debug/app.o
                                0x1ae (size before relaxing)
 .debug_str     0x00000165       0x6f ./debug/startup.o
                                0x190 (size before relaxing)

.comment        0x00000000       0x49
 .comment       0x00000000       0x49 ./debug/app.o
                                 0x4a (size before relaxing)
 .comment       0x00000049       0x4a ./debug/startup.o

.ARM.attributes
                0x00000000       0x2d
 .ARM.attributes
                0x00000000       0x2d ./debug/app.o
 .ARM.attributes
                0x0000002d       0x2d ./debug/startup.o

.debug_frame    0x00000000       0xa8
 .debug_frame   0x00000000       0x58 ./debug/app.o
 .debug_frame   0x00000058       0x50 ./debug/startup.o
