
Memory Configuration

Name             Origin             Length             Attributes
MEMO             0x00000000         0x04000000         xrw
*default*        0x00000000         0xffffffff

Linker script and memory map

                0x00010000                . = 0x10000

.start_up       0x00010000       0x10
 ./obj_s/startup.o(.text)
 .text          0x00010000       0x10 ./obj_s/startup.o
                0x00010000                reset

.text           0x00010010       0xd8
 ./obj_s/*(.text)
 .text          0x00010010       0x1c ./obj_s/app.o
                0x00010010                main
 .text          0x0001002c       0x58 ./obj_s/uart.o
                0x0001002c                UART_SEND_STRING
 ./obj_s/*(.rodata)
 .rodata        0x00010084       0x64 ./obj_s/app.o
                0x00010084                data_const

.glue_7         0x000100e8        0x0
 .glue_7        0x000100e8        0x0 linker stubs

.glue_7t        0x000100e8        0x0
 .glue_7t       0x000100e8        0x0 linker stubs

.vfp11_veneer   0x000100e8        0x0
 .vfp11_veneer  0x000100e8        0x0 linker stubs

.v4_bx          0x000100e8        0x0
 .v4_bx         0x000100e8        0x0 linker stubs

.iplt           0x000100e8        0x0
 .iplt          0x000100e8        0x0 ./obj_s/startup.o

.rel.dyn        0x000100e8        0x0
 .rel.iplt      0x000100e8        0x0 ./obj_s/startup.o

.data           0x000100e8       0x64
 ./obj_s/*(.data)
 .data          0x000100e8        0x0 ./obj_s/startup.o
 .data          0x000100e8       0x64 ./obj_s/app.o
                0x000100e8                data_send
 .data          0x0001014c        0x0 ./obj_s/uart.o

.igot.plt       0x0001014c        0x0
 .igot.plt      0x0001014c        0x0 ./obj_s/startup.o

.bss            0x0001014c        0x0
 ./obj_s/*(.bss)
 .bss           0x0001014c        0x0 ./obj_s/startup.o
 .bss           0x0001014c        0x0 ./obj_s/app.o
 .bss           0x0001014c        0x0 ./obj_s/uart.o
 ./obj_s/*(COMMON)
                0x0001114c                . = (. + 0x1000)
                0x0001114c                stack_top = .
LOAD ./obj_s/app.o
LOAD ./obj_s/startup.o
LOAD ./obj_s/uart.o
OUTPUT(learn-in-depth.elf elf32-littlearm)
LOAD linker stubs

.ARM.attributes
                0x00000000       0x2e
 .ARM.attributes
                0x00000000       0x22 ./obj_s/startup.o
 .ARM.attributes
                0x00000022       0x2c ./obj_s/app.o
 .ARM.attributes
                0x0000004e       0x2c ./obj_s/uart.o

.comment        0x00000000       0x49
 .comment       0x00000000       0x49 ./obj_s/app.o
                                 0x4a (size before relaxing)
 .comment       0x00000049       0x4a ./obj_s/uart.o

.debug_line     0x00000000       0xfd
 .debug_line    0x00000000       0x3a ./obj_s/startup.o
 .debug_line    0x0000003a       0x58 ./obj_s/app.o
 .debug_line    0x00000092       0x6b ./obj_s/uart.o

.debug_info     0x00000000      0x197
 .debug_info    0x00000000       0x26 ./obj_s/startup.o
 .debug_info    0x00000026       0xca ./obj_s/app.o
 .debug_info    0x000000f0       0xa7 ./obj_s/uart.o

.debug_abbrev   0x00000000      0x109
 .debug_abbrev  0x00000000       0x14 ./obj_s/startup.o
 .debug_abbrev  0x00000014       0x7f ./obj_s/app.o
 .debug_abbrev  0x00000093       0x76 ./obj_s/uart.o

.debug_aranges  0x00000000       0x60
 .debug_aranges
                0x00000000       0x20 ./obj_s/startup.o
 .debug_aranges
                0x00000020       0x20 ./obj_s/app.o
 .debug_aranges
                0x00000040       0x20 ./obj_s/uart.o

.debug_str      0x00000000      0x154
 .debug_str     0x00000000       0x55 ./obj_s/startup.o
 .debug_str     0x00000055       0xd9 ./obj_s/app.o
                                0x12f (size before relaxing)
 .debug_str     0x0000012e       0x26 ./obj_s/uart.o
                                0x12f (size before relaxing)

.debug_frame    0x00000000       0x5c
 .debug_frame   0x00000000       0x2c ./obj_s/app.o
 .debug_frame   0x0000002c       0x30 ./obj_s/uart.o
