
Memory Configuration

Name             Origin             Length             Attributes
flash            0x08000000         0x00020000         xr
sram             0x20000000         0x00005000         xrw
*default*        0x00000000         0xffffffff

Linker script and memory map


.text           0x08000000      0x320
 *(.vectors*)
 .vectors       0x08000000       0x1c ./debug/startup.o
                0x08000000                vector_table
 *(.text*)
 .text          0x0800001c       0xa4 ./debug/Alarm_mointor_timer.o
                0x0800001c                Timer_init
                0x08000044                STATE_Alarm_ON
                0x0800007c                STATE_Alarm_OFF
                0x080000a4                High_Pressure_Detected
 .text          0x080000c0       0x3a ./debug/Main_algo.o
                0x080000c0                IS_Pressure_Value_Allow
                0x080000e2                send_Pressure_Value
 *fill*         0x080000fa        0x2 
 .text          0x080000fc       0x8c ./debug/Pressure_Sensor.o
                0x080000fc                Pressure_Sensor_init
                0x08000120                STATE_reading
                0x0800015c                STATE_waiting
 .text          0x08000188       0xd0 ./debug/driver.o
                0x08000188                Delay
                0x080001b6                getPressureVal
                0x080001cc                Set_Alarm_actuator
                0x08000208                GPIO_INITIALIZATION
 .text          0x08000258       0x34 ./debug/main.o
                0x08000258                set_up
                0x0800026c                main
 .text          0x0800028c       0x8c ./debug/startup.o
                0x0800028c                reset_handler
                0x0800030c                H_FAULT_HANDLER
                0x0800030c                BUS_FAULT
                0x0800030c                MM_FAULT_HANDLER
                0x0800030c                Default_Handler
                0x0800030c                USAGE_FAULT
                0x0800030c                NMI_HANDLER
 *(.rodata*)
 .rodata        0x08000318        0x4 ./debug/Alarm_mointor_timer.o
                0x08000318                Alarm_Duration
 .rodata        0x0800031c        0x4 ./debug/Main_algo.o
                0x0800031c                Pressure_threshold
                0x08000320                _E_text = .

.glue_7         0x08000320        0x0
 .glue_7        0x08000320        0x0 linker stubs

.glue_7t        0x08000320        0x0
 .glue_7t       0x08000320        0x0 linker stubs

.vfp11_veneer   0x08000320        0x0
 .vfp11_veneer  0x08000320        0x0 linker stubs

.v4_bx          0x08000320        0x0
 .v4_bx         0x08000320        0x0 linker stubs

.iplt           0x08000320        0x0
 .iplt          0x08000320        0x0 ./debug/Alarm_mointor_timer.o

.rel.dyn        0x08000320        0x0
 .rel.iplt      0x08000320        0x0 ./debug/Alarm_mointor_timer.o

.data           0x20000000        0x4 load address 0x08000320
                0x20000000                _S_data = .
 *(.data)
 .data          0x20000000        0x0 ./debug/Alarm_mointor_timer.o
 .data          0x20000000        0x0 ./debug/Main_algo.o
 .data          0x20000000        0x4 ./debug/Pressure_Sensor.o
                0x20000000                Sampling_time
 .data          0x20000004        0x0 ./debug/driver.o
 .data          0x20000004        0x0 ./debug/main.o
 .data          0x20000004        0x0 ./debug/startup.o
 *(.data*)
                0x20000004                _E_data = .

.igot.plt       0x20000004        0x0 load address 0x08000324
 .igot.plt      0x20000004        0x0 ./debug/Alarm_mointor_timer.o

.bss            0x20000004     0x2014 load address 0x08000324
                0x20000004                _S_bss = .
 *(.bss*)
 .bss           0x20000004        0x5 ./debug/Alarm_mointor_timer.o
                0x20000004                alarm_next_state
                0x20000008                State_Alarm
 .bss           0x20000009        0x0 ./debug/Main_algo.o
 *fill*         0x20000009        0x3 
 .bss           0x2000000c        0xc ./debug/Pressure_Sensor.o
                0x2000000c                Pval
                0x20000010                Pressure_Sensor_state
                0x20000014                pressure_next_state
 .bss           0x20000018        0x0 ./debug/driver.o
 .bss           0x20000018        0x0 ./debug/main.o
 .bss           0x20000018        0x0 ./debug/startup.o
                0x20000018                . = ALIGN (0x4)
                0x20000018                _E_bss = .
                0x20001018                . = (. + 0x1000)
 *fill*         0x20000018     0x1000 
                0x20001018                heap_end = .
                0x20001018                . = ALIGN (0x4)
                0x20002018                . = (. + 0x1000)
 *fill*         0x20001018     0x1000 
                0x20002018                stack_top = .
LOAD ./debug/Alarm_mointor_timer.o
LOAD ./debug/Main_algo.o
LOAD ./debug/Pressure_Sensor.o
LOAD ./debug/driver.o
LOAD ./debug/main.o
LOAD ./debug/startup.o
OUTPUT(debug/High_Pressure_Detector_Project.elf elf32-littlearm)
LOAD linker stubs

.comment        0x00000000       0x49
 .comment       0x00000000       0x49 ./debug/Alarm_mointor_timer.o
                                 0x4a (size before relaxing)
 .comment       0x00000049       0x4a ./debug/Main_algo.o
 .comment       0x00000049       0x4a ./debug/Pressure_Sensor.o
 .comment       0x00000049       0x4a ./debug/driver.o
 .comment       0x00000049       0x4a ./debug/main.o
 .comment       0x00000049       0x4a ./debug/startup.o

.ARM.attributes
                0x00000000       0x2d
 .ARM.attributes
                0x00000000       0x2d ./debug/Alarm_mointor_timer.o
 .ARM.attributes
                0x0000002d       0x2d ./debug/Main_algo.o
 .ARM.attributes
                0x0000005a       0x2d ./debug/Pressure_Sensor.o
 .ARM.attributes
                0x00000087       0x2d ./debug/driver.o
 .ARM.attributes
                0x000000b4       0x2d ./debug/main.o
 .ARM.attributes
                0x000000e1       0x2d ./debug/startup.o
