
Memory Configuration

Name             Origin             Length             Attributes
flash            0x08000000         0x00020000         xr
sram             0x20000000         0x00005000         xrw
*default*        0x00000000         0xffffffff

Linker script and memory map


.text           0x08000000       0xd0
 *(.vectors*)
 .vectors       0x08000000       0x4c ./debug/startup.o
 *(.text*)
 .text          0x0800004c        0x8 ./debug/startup.o
 .text          0x08000054       0x7c ./debug/app.o
                0x08000054                main
 *(.rodata)
                0x080000d0                _E_text = .

.glue_7         0x080000d0        0x0
 .glue_7        0x080000d0        0x0 linker stubs

.glue_7t        0x080000d0        0x0
 .glue_7t       0x080000d0        0x0 linker stubs

.vfp11_veneer   0x080000d0        0x0
 .vfp11_veneer  0x080000d0        0x0 linker stubs

.v4_bx          0x080000d0        0x0
 .v4_bx         0x080000d0        0x0 linker stubs

.iplt           0x080000d0        0x0
 .iplt          0x080000d0        0x0 ./debug/startup.o

.rel.dyn        0x080000d0        0x0
 .rel.iplt      0x080000d0        0x0 ./debug/startup.o

.data           0x20000000       0x64 load address 0x080000d0
                0x20000000                _S_data = .
 *(.data)
 .data          0x20000000        0x0 ./debug/startup.o
 .data          0x20000000       0x64 ./debug/app.o
                0x20000000                array_data_test
                0x20000064                _E_data = .

.igot.plt       0x20000064        0x0 load address 0x08000134
 .igot.plt      0x20000064        0x0 ./debug/startup.o

.bss            0x20000064     0x1064 load address 0x08000134
                0x20000064                _S_bss = .
 *(.bss*)
 .bss           0x20000064        0x0 ./debug/startup.o
 .bss           0x20000064       0x64 ./debug/app.o
                0x20000064                array_bss_test
                0x200000c8                . = ALIGN (0x4)
                0x200000c8                _E_bss = .
                0x200010c8                . = (. + 0x1000)
 *fill*         0x200000c8     0x1000 
                0x200010c8                stack_top = .
LOAD ./debug/startup.o
LOAD ./debug/app.o
OUTPUT(debug/learn_in_depth_cortex_m3.elf elf32-littlearm)
LOAD linker stubs

.ARM.attributes
                0x00000000       0x2f
 .ARM.attributes
                0x00000000       0x21 ./debug/startup.o
 .ARM.attributes
                0x00000021       0x2d ./debug/app.o

.comment        0x00000000       0x49
 .comment       0x00000000       0x49 ./debug/app.o
                                 0x4a (size before relaxing)

.debug_line     0x00000000       0xc1
 .debug_line    0x00000000       0x3b ./debug/startup.o
 .debug_line    0x0000003b       0x86 ./debug/app.o

.debug_info     0x00000000      0x14b
 .debug_info    0x00000000       0x26 ./debug/startup.o
 .debug_info    0x00000026      0x125 ./debug/app.o

.debug_abbrev   0x00000000       0xba
 .debug_abbrev  0x00000000       0x14 ./debug/startup.o
 .debug_abbrev  0x00000014       0xa6 ./debug/app.o

.debug_aranges  0x00000000       0x40
 .debug_aranges
                0x00000000       0x20 ./debug/startup.o
 .debug_aranges
                0x00000020       0x20 ./debug/app.o

.debug_str      0x00000000      0x15b
 .debug_str     0x00000000       0x5f ./debug/startup.o
 .debug_str     0x0000005f       0xfc ./debug/app.o
                                0x17c (size before relaxing)

.debug_loc      0x00000000       0x38
 .debug_loc     0x00000000       0x38 ./debug/app.o

.debug_frame    0x00000000       0x2c
 .debug_frame   0x00000000       0x2c ./debug/app.o
