
Memory Configuration

Name             Origin             Length             Attributes
flash            0x00000000         0x00020000         xr
sram             0x20000000         0x00005000         xrw
*default*        0x00000000         0xffffffff

Linker script and memory map


.text           0x00000000      0x138
 *(.vectors*)
 .vectors       0x00000000       0x1c ./debug/startup.o
                0x00000000                vector_table
 *(.text*)
 .text          0x0000001c       0x90 ./debug/app.o
                0x0000001c                main
 .text          0x000000ac       0x8c ./debug/startup.o
                0x000000ac                reset_handler
                0x0000012c                H_FAULT_HANDLER
                0x0000012c                BUS_FAULT
                0x0000012c                MM_FAULT_HANDLER
                0x0000012c                Default_Handler
                0x0000012c                USAGE_FAULT
                0x0000012c                NMI_HANDLER
 *(.rodata)
                0x00000138                _E_text = .

.glue_7         0x00000138        0x0
 .glue_7        0x00000138        0x0 linker stubs

.glue_7t        0x00000138        0x0
 .glue_7t       0x00000138        0x0 linker stubs

.vfp11_veneer   0x00000138        0x0
 .vfp11_veneer  0x00000138        0x0 linker stubs

.v4_bx          0x00000138        0x0
 .v4_bx         0x00000138        0x0 linker stubs

.iplt           0x00000138        0x0
 .iplt          0x00000138        0x0 ./debug/startup.o

.rel.dyn        0x00000138        0x0
 .rel.iplt      0x00000138        0x0 ./debug/startup.o

.data           0x20000000        0x0 load address 0x00000138
                0x20000000                _S_data = .
 *(.data)
 .data          0x20000000        0x0 ./debug/app.o
 .data          0x20000000        0x0 ./debug/startup.o
                0x20000000                _E_data = .

.igot.plt       0x20000000        0x0 load address 0x00000138
 .igot.plt      0x20000000        0x0 ./debug/startup.o

.bss            0x20000000     0x1000 load address 0x00000138
                0x20000000                _S_bss = .
 *(.bss*)
 .bss           0x20000000        0x0 ./debug/app.o
 .bss           0x20000000     0x1000 ./debug/startup.o
                0x20001000                _E_bss = .
LOAD ./debug/app.o
LOAD ./debug/startup.o
OUTPUT(debug/lab_3.elf elf32-littlearm)
LOAD linker stubs

.debug_info     0x00000000      0x261
 .debug_info    0x00000000       0xe6 ./debug/app.o
 .debug_info    0x000000e6      0x17b ./debug/startup.o

.debug_abbrev   0x00000000      0x167
 .debug_abbrev  0x00000000       0x85 ./debug/app.o
 .debug_abbrev  0x00000085       0xe2 ./debug/startup.o

.debug_loc      0x00000000       0xb4
 .debug_loc     0x00000000       0x38 ./debug/app.o
 .debug_loc     0x00000038       0x7c ./debug/startup.o

.debug_aranges  0x00000000       0x40
 .debug_aranges
                0x00000000       0x20 ./debug/app.o
 .debug_aranges
                0x00000020       0x20 ./debug/startup.o

.debug_line     0x00000000      0x166
 .debug_line    0x00000000       0xa4 ./debug/app.o
 .debug_line    0x000000a4       0xc2 ./debug/startup.o

.debug_str      0x00000000      0x1a7
 .debug_str     0x00000000      0x128 ./debug/app.o
                                0x168 (size before relaxing)
 .debug_str     0x00000128       0x7f ./debug/startup.o
                                0x19b (size before relaxing)

.comment        0x00000000       0x49
 .comment       0x00000000       0x49 ./debug/app.o
                                 0x4a (size before relaxing)
 .comment       0x00000049       0x4a ./debug/startup.o

.ARM.attributes
                0x00000000       0x2e
 .ARM.attributes
                0x00000000       0x2e ./debug/app.o
 .ARM.attributes
                0x0000002e       0x2e ./debug/startup.o

.debug_frame    0x00000000       0x7c
 .debug_frame   0x00000000       0x2c ./debug/app.o
 .debug_frame   0x0000002c       0x50 ./debug/startup.o
