
Memory Configuration

Name             Origin             Length             Attributes
flash            0x08000000         0x00020000         xr
sram             0x20000000         0x00005000         xrw
*default*        0x00000000         0xffffffff

Linker script and memory map


.text           0x08000000      0x124
 *(.vectors*)
 .vectors       0x08000000       0x1c ./debug/startup.o
                0x08000000                vector_table
 *(.text*)
 .text          0x0800001c       0x7c ./debug/app.o
                0x0800001c                main
 .text          0x08000098       0x8c ./debug/startup.o
                0x08000098                reset_handler
                0x08000118                H_FAULT_HANDLER
                0x08000118                BUS_FAULT
                0x08000118                MM_FAULT_HANDLER
                0x08000118                Default_Handler
                0x08000118                USAGE_FAULT
                0x08000118                NMI_HANDLER
 *(.rodata)
                0x08000124                _E_text = .

.glue_7         0x08000124        0x0
 .glue_7        0x08000124        0x0 linker stubs

.glue_7t        0x08000124        0x0
 .glue_7t       0x08000124        0x0 linker stubs

.vfp11_veneer   0x08000124        0x0
 .vfp11_veneer  0x08000124        0x0 linker stubs

.v4_bx          0x08000124        0x0
 .v4_bx         0x08000124        0x0 linker stubs

.iplt           0x08000124        0x0
 .iplt          0x08000124        0x0 ./debug/startup.o

.rel.dyn        0x08000124        0x0
 .rel.iplt      0x08000124        0x0 ./debug/startup.o

.data           0x20000000       0x64 load address 0x08000124
                0x20000000                _S_data = .
 *(.data)
 .data          0x20000000       0x64 ./debug/app.o
                0x20000000                array_data_test
 .data          0x20000064        0x0 ./debug/startup.o
                0x20000064                _E_data = .

.igot.plt       0x20000064        0x0 load address 0x08000188
 .igot.plt      0x20000064        0x0 ./debug/startup.o

.bss            0x20000064     0x1064 load address 0x08000188
                0x20000064                _S_bss = .
 *(.bss*)
 .bss           0x20000064       0x64 ./debug/app.o
                0x20000064                array_bss_test
 .bss           0x200000c8        0x0 ./debug/startup.o
                0x200000c8                . = ALIGN (0x4)
                0x200000c8                _E_bss = .
                0x200010c8                . = (. + 0x1000)
 *fill*         0x200000c8     0x1000 
                0x200010c8                stack_top = .
LOAD ./debug/app.o
LOAD ./debug/startup.o
OUTPUT(debug/lab_2_using_c.elf elf32-littlearm)
LOAD linker stubs

.debug_info     0x00000000      0x273
 .debug_info    0x00000000      0x121 ./debug/app.o
 .debug_info    0x00000121      0x152 ./debug/startup.o

.debug_abbrev   0x00000000      0x176
 .debug_abbrev  0x00000000       0xa4 ./debug/app.o
 .debug_abbrev  0x000000a4       0xd2 ./debug/startup.o

.debug_loc      0x00000000       0xb4
 .debug_loc     0x00000000       0x38 ./debug/app.o
 .debug_loc     0x00000038       0x7c ./debug/startup.o

.debug_aranges  0x00000000       0x40
 .debug_aranges
                0x00000000       0x20 ./debug/app.o
 .debug_aranges
                0x00000020       0x20 ./debug/startup.o

.debug_line     0x00000000      0x148
 .debug_line    0x00000000       0x86 ./debug/app.o
 .debug_line    0x00000086       0xc2 ./debug/startup.o

.debug_str      0x00000000      0x1b2
 .debug_str     0x00000000      0x13c ./debug/app.o
                                0x175 (size before relaxing)
 .debug_str     0x0000013c       0x76 ./debug/startup.o
                                0x190 (size before relaxing)

.comment        0x00000000       0x49
 .comment       0x00000000       0x49 ./debug/app.o
                                 0x4a (size before relaxing)
 .comment       0x00000049       0x4a ./debug/startup.o

.ARM.attributes
                0x00000000       0x2d
 .ARM.attributes
                0x00000000       0x2d ./debug/app.o
 .ARM.attributes
                0x0000002d       0x2d ./debug/startup.o

.debug_frame    0x00000000       0x7c
 .debug_frame   0x00000000       0x2c ./debug/app.o
 .debug_frame   0x0000002c       0x50 ./debug/startup.o
