Archive member included to satisfy reference by file (symbol)

C:/ST/STM32CubeIDE_1.4.0/STM32CubeIDE/plugins/com.st.stm32cube.ide.mcu.externaltools.gnu-tools-for-stm32.12.3.rel1.win32_1.0.100.202403111256/tools/bin/../lib/gcc/arm-none-eabi/12.3.1/../../../../arm-none-eabi/lib/thumb/v7-m/nofp\libc_nano.a(libc_a-exit.o)
                              C:/ST/STM32CubeIDE_1.4.0/STM32CubeIDE/plugins/com.st.stm32cube.ide.mcu.externaltools.gnu-tools-for-stm32.12.3.rel1.win32_1.0.100.202403111256/tools/bin/../lib/gcc/arm-none-eabi/12.3.1/../../../../arm-none-eabi/lib/thumb/v7-m/nofp/crt0.o (exit)
C:/ST/STM32CubeIDE_1.4.0/STM32CubeIDE/plugins/com.st.stm32cube.ide.mcu.externaltools.gnu-tools-for-stm32.12.3.rel1.win32_1.0.100.202403111256/tools/bin/../lib/gcc/arm-none-eabi/12.3.1/../../../../arm-none-eabi/lib/thumb/v7-m/nofp\libc_nano.a(libc_a-findfp.o)
                              C:/ST/STM32CubeIDE_1.4.0/STM32CubeIDE/plugins/com.st.stm32cube.ide.mcu.externaltools.gnu-tools-for-stm32.12.3.rel1.win32_1.0.100.202403111256/tools/bin/../lib/gcc/arm-none-eabi/12.3.1/../../../../arm-none-eabi/lib/thumb/v7-m/nofp\libc_nano.a(libc_a-exit.o) (__stdio_exit_handler)
C:/ST/STM32CubeIDE_1.4.0/STM32CubeIDE/plugins/com.st.stm32cube.ide.mcu.externaltools.gnu-tools-for-stm32.12.3.rel1.win32_1.0.100.202403111256/tools/bin/../lib/gcc/arm-none-eabi/12.3.1/../../../../arm-none-eabi/lib/thumb/v7-m/nofp\libc_nano.a(libc_a-fwalk.o)
                              C:/ST/STM32CubeIDE_1.4.0/STM32CubeIDE/plugins/com.st.stm32cube.ide.mcu.externaltools.gnu-tools-for-stm32.12.3.rel1.win32_1.0.100.202403111256/tools/bin/../lib/gcc/arm-none-eabi/12.3.1/../../../../arm-none-eabi/lib/thumb/v7-m/nofp\libc_nano.a(libc_a-findfp.o) (_fwalk_sglue)
C:/ST/STM32CubeIDE_1.4.0/STM32CubeIDE/plugins/com.st.stm32cube.ide.mcu.externaltools.gnu-tools-for-stm32.12.3.rel1.win32_1.0.100.202403111256/tools/bin/../lib/gcc/arm-none-eabi/12.3.1/../../../../arm-none-eabi/lib/thumb/v7-m/nofp\libc_nano.a(libc_a-stdio.o)
                              C:/ST/STM32CubeIDE_1.4.0/STM32CubeIDE/plugins/com.st.stm32cube.ide.mcu.externaltools.gnu-tools-for-stm32.12.3.rel1.win32_1.0.100.202403111256/tools/bin/../lib/gcc/arm-none-eabi/12.3.1/../../../../arm-none-eabi/lib/thumb/v7-m/nofp\libc_nano.a(libc_a-findfp.o) (__sread)
C:/ST/STM32CubeIDE_1.4.0/STM32CubeIDE/plugins/com.st.stm32cube.ide.mcu.externaltools.gnu-tools-for-stm32.12.3.rel1.win32_1.0.100.202403111256/tools/bin/../lib/gcc/arm-none-eabi/12.3.1/../../../../arm-none-eabi/lib/thumb/v7-m/nofp\libc_nano.a(libc_a-memset.o)
                              C:/ST/STM32CubeIDE_1.4.0/STM32CubeIDE/plugins/com.st.stm32cube.ide.mcu.externaltools.gnu-tools-for-stm32.12.3.rel1.win32_1.0.100.202403111256/tools/bin/../lib/gcc/arm-none-eabi/12.3.1/../../../../arm-none-eabi/lib/thumb/v7-m/nofp/crt0.o (memset)
C:/ST/STM32CubeIDE_1.4.0/STM32CubeIDE/plugins/com.st.stm32cube.ide.mcu.externaltools.gnu-tools-for-stm32.12.3.rel1.win32_1.0.100.202403111256/tools/bin/../lib/gcc/arm-none-eabi/12.3.1/../../../../arm-none-eabi/lib/thumb/v7-m/nofp\libc_nano.a(libc_a-closer.o)
                              C:/ST/STM32CubeIDE_1.4.0/STM32CubeIDE/plugins/com.st.stm32cube.ide.mcu.externaltools.gnu-tools-for-stm32.12.3.rel1.win32_1.0.100.202403111256/tools/bin/../lib/gcc/arm-none-eabi/12.3.1/../../../../arm-none-eabi/lib/thumb/v7-m/nofp\libc_nano.a(libc_a-stdio.o) (_close_r)
C:/ST/STM32CubeIDE_1.4.0/STM32CubeIDE/plugins/com.st.stm32cube.ide.mcu.externaltools.gnu-tools-for-stm32.12.3.rel1.win32_1.0.100.202403111256/tools/bin/../lib/gcc/arm-none-eabi/12.3.1/../../../../arm-none-eabi/lib/thumb/v7-m/nofp\libc_nano.a(libc_a-reent.o)
                              C:/ST/STM32CubeIDE_1.4.0/STM32CubeIDE/plugins/com.st.stm32cube.ide.mcu.externaltools.gnu-tools-for-stm32.12.3.rel1.win32_1.0.100.202403111256/tools/bin/../lib/gcc/arm-none-eabi/12.3.1/../../../../arm-none-eabi/lib/thumb/v7-m/nofp\libc_nano.a(libc_a-closer.o) (errno)
C:/ST/STM32CubeIDE_1.4.0/STM32CubeIDE/plugins/com.st.stm32cube.ide.mcu.externaltools.gnu-tools-for-stm32.12.3.rel1.win32_1.0.100.202403111256/tools/bin/../lib/gcc/arm-none-eabi/12.3.1/../../../../arm-none-eabi/lib/thumb/v7-m/nofp\libc_nano.a(libc_a-impure.o)
                              C:/ST/STM32CubeIDE_1.4.0/STM32CubeIDE/plugins/com.st.stm32cube.ide.mcu.externaltools.gnu-tools-for-stm32.12.3.rel1.win32_1.0.100.202403111256/tools/bin/../lib/gcc/arm-none-eabi/12.3.1/../../../../arm-none-eabi/lib/thumb/v7-m/nofp\libc_nano.a(libc_a-reent.o) (_impure_ptr)
C:/ST/STM32CubeIDE_1.4.0/STM32CubeIDE/plugins/com.st.stm32cube.ide.mcu.externaltools.gnu-tools-for-stm32.12.3.rel1.win32_1.0.100.202403111256/tools/bin/../lib/gcc/arm-none-eabi/12.3.1/../../../../arm-none-eabi/lib/thumb/v7-m/nofp\libc_nano.a(libc_a-lseekr.o)
[...]
Memory Configuration

Name             Origin             Length             Attributes
RAM              0x20000000         0x00002800         xrw
FLASH            0x08000000         0x00008000         xr
*default*        0x00000000         0xffffffff

Linker script and memory map

LOAD C:/ST/STM32CubeIDE_1.4.0/STM32CubeIDE/plugins/com.st.stm32cube.ide.mcu.externaltools.gnu-tools-for-stm32.12.3.rel1.win32_1.0.100.202403111256/tools/bin/../lib/gcc/arm-none-eabi/12.3.1/thumb/v7-m/nofp/crti.o
LOAD C:/ST/STM32CubeIDE_1.4.0/STM32CubeIDE/plugins/com.st.stm32cube.ide.mcu.externaltools.gnu-tools-for-stm32.12.3.rel1.win32_1.0.100.202403111256/tools/bin/../lib/gcc/arm-none-eabi/12.3.1/thumb/v7-m/nofp/crtbegin.o
LOAD C:/ST/STM32CubeIDE_1.4.0/STM32CubeIDE/plugins/com.st.stm32cube.ide.mcu.externaltools.gnu-tools-for-stm32.12.3.rel1.win32_1.0.100.202403111256/tools/bin/../lib/gcc/arm-none-eabi/12.3.1/../../../../arm-none-eabi/lib/thumb/v7-m/nofp/crt0.o
LOAD ./HAL/KEYPAD_DRIVER/KEY_PAD.o
LOAD ./HAL/LCD_DRIVER/LCD.o
LOAD ./MCAL/EXTI/Stm32_F103C6_EXTI_driver.o
LOAD ./MCAL/GPIO/Stm32_F103C6_gpio_driver.o
LOAD ./Src/main.o
LOAD ./Src/syscalls.o
LOAD ./Src/sysmem.o
LOAD ./Startup/startup_stm32f103c6tx.o
START GROUP
LOAD C:/ST/STM32CubeIDE_1.4.0/STM32CubeIDE/plugins/com.st.stm32cube.ide.mcu.externaltools.gnu-tools-for-stm32.12.3.rel1.win32_1.0.100.202403111256/tools/bin/../lib/gcc/arm-none-eabi/12.3.1/../../../../arm-none-eabi/lib/thumb/v7-m/nofp\libc_nano.a
LOAD C:/ST/STM32CubeIDE_1.4.0/STM32CubeIDE/plugins/com.st.stm32cube.ide.mcu.externaltools.gnu-tools-for-stm32.12.3.rel1.win32_1.0.100.202403111256/tools/bin/../lib/gcc/arm-none-eabi/12.3.1/../../../../arm-none-eabi/lib/thumb/v7-m/nofp\libm.a
END GROUP
START GROUP
LOAD C:/ST/STM32CubeIDE_1.4.0/STM32CubeIDE/plugins/com.st.stm32cube.ide.mcu.externaltools.gnu-tools-for-stm32.12.3.rel1.win32_1.0.100.202403111256/tools/bin/../lib/gcc/arm-none-eabi/12.3.1/thumb/v7-m/nofp\libgcc.a
LOAD C:/ST/STM32CubeIDE_1.4.0/STM32CubeIDE/plugins/com.st.stm32cube.ide.mcu.externaltools.gnu-tools-for-stm32.12.3.rel1.win32_1.0.100.202403111256/tools/bin/../lib/gcc/arm-none-eabi/12.3.1/../../../../arm-none-eabi/lib/thumb/v7-m/nofp\libg_nano.a
LOAD C:/ST/STM32CubeIDE_1.4.0/STM32CubeIDE/plugins/com.st.stm32cube.ide.mcu.externaltools.gnu-tools-for-stm32.12.3.rel1.win32_1.0.100.202403111256/tools/bin/../lib/gcc/arm-none-eabi/12.3.1/../../../../arm-none-eabi/lib/thumb/v7-m/nofp\libc_nano.a
END GROUP
START GROUP
LOAD C:/ST/STM32CubeIDE_1.4.0/STM32CubeIDE/plugins/com.st.stm32cube.ide.mcu.externaltools.gnu-tools-for-stm32.12.3.rel1.win32_1.0.100.202403111256/tools/bin/../lib/gcc/arm-none-eabi/12.3.1/thumb/v7-m/nofp\libgcc.a
LOAD C:/ST/STM32CubeIDE_1.4.0/STM32CubeIDE/plugins/com.st.stm32cube.ide.mcu.externaltools.gnu-tools-for-stm32.12.3.rel1.win32_1.0.100.202403111256/tools/bin/../lib/gcc/arm-none-eabi/12.3.1/../../../../arm-none-eabi/lib/thumb/v7-m/nofp\libc_nano.a
LOAD C:/ST/STM32CubeIDE_1.4.0/STM32CubeIDE/plugins/com.st.stm32cube.ide.mcu.externaltools.gnu-tools-for-stm32.12.3.rel1.win32_1.0.100.202403111256/tools/bin/../lib/gcc/arm-none-eabi/12.3.1/../../../../arm-none-eabi/lib/thumb/v7-m/nofp\libnosys.a
END GROUP
START GROUP
LOAD C:/ST/STM32CubeIDE_1.4.0/STM32CubeIDE/plugins/com.st.stm32cube.ide.mcu.externaltools.gnu-tools-for-stm32.12.3.rel1.win32_1.0.100.202403111256/tools/bin/../lib/gcc/arm-none-eabi/12.3.1/thumb/v7-m/nofp\libgcc.a
LOAD C:/ST/STM32CubeIDE_1.4.0/STM32CubeIDE/plugins/com.st.stm32cube.ide.mcu.externaltools.gnu-tools-for-stm32.12.3.rel1.win32_1.0.100.202403111256/tools/bin/../lib/gcc/arm-none-eabi/12.3.1/../../../../arm-none-eabi/lib/thumb/v7-m/nofp\libc_nano.a
LOAD C:/ST/STM32CubeIDE_1.4.0/STM32CubeIDE/plugins/com.st.stm32cube.ide.mcu.externaltools.gnu-tools-for-stm32.12.3.rel1.win32_1.0.100.202403111256/tools/bin/../lib/gcc/arm-none-eabi/12.3.1/../../../../arm-none-eabi/lib/thumb/v7-m/nofp\libnosys.a
END GROUP
LOAD C:/ST/STM32CubeIDE_1.4.0/STM32CubeIDE/plugins/com.st.stm32cube.ide.mcu.externaltools.gnu-tools-for-stm32.12.3.rel1.win32_1.0.100.202403111256/tools/bin/../lib/gcc/arm-none-eabi/12.3.1/thumb/v7-m/nofp/crtend.o
LOAD C:/ST/STM32CubeIDE_1.4.0/STM32CubeIDE/plugins/com.st.stm32cube.ide.mcu.externaltools.gnu-tools-for-stm32.12.3.rel1.win32_1.0.100.202403111256/tools/bin/../lib/gcc/arm-none-eabi/12.3.1/thumb/v7-m/nofp/crtn.o
                0x20002800                        _estack = (ORIGIN (RAM) + LENGTH (RAM))
                0x00000200                        _Min_Heap_Size = 0x200
                0x00000400                        _Min_Stack_Size = 0x400

.isr_vector     0x08000000      0x130
                0x08000000                        . = ALIGN (0x4)
 *(.isr_vector)
 .isr_vector    0x08000000      0x130 ./Startup/startup_stm32f103c6tx.o
                0x08000000                g_pfnVectors
                0x08000130                        . = ALIGN (0x4)

.text           0x08000130      0x84c
                0x08000130                        . = ALIGN (0x4)
 *(.text)
 .text          0x08000130       0x40 C:/ST/STM32CubeIDE_1.4.0/STM32CubeIDE/plugins/com.st.stm32cube.ide.mcu.externaltools.gnu-tools-for-stm32.12.3.rel1.win32_1.0.100.202403111256/tools/bin/../lib/gcc/arm-none-eabi/12.3.1/thumb/v7-m/nofp/crtbegin.o
 *(.text*)
 .text.delay_ms
                0x08000170       0x3a ./HAL/LCD_DRIVER/LCD.o
 *fill*         0x080001aa        0x2 
 .text.LCD_PINS_INIT
                0x080001ac       0x90 ./HAL/LCD_DRIVER/LCD.o
 .text.LCD_ENABLE_PULSE
                0x0800023c       0x2c ./HAL/LCD_DRIVER/LCD.o
                0x0800023c                LCD_ENABLE_PULSE
 .text.LCD_Init
                0x08000268       0x36 ./HAL/LCD_DRIVER/LCD.o
                0x08000268                LCD_Init
 *fill*         0x0800029e        0x2 
 .text.LCD_SendCommand
                0x080002a0       0x4c ./HAL/LCD_DRIVER/LCD.o
                0x080002a0                LCD_SendCommand
 .text.LCD_Sendchar
                0x080002ec       0x48 ./HAL/LCD_DRIVER/LCD.o
                0x080002ec                LCD_Sendchar
 .text.LCD_SendString
                0x08000334       0x52 ./HAL/LCD_DRIVER/LCD.o
                0x08000334                LCD_SendString
 *fill*         0x08000386        0x2 
 .text.EXTI0_IRQHandler
                0x08000388       0x24 ./MCAL/EXTI/Stm32_F103C6_EXTI_driver.o
                0x08000388                EXTI0_IRQHandler
 .text.EXTI1_IRQHandler
                0x080003ac       0x24 ./MCAL/EXTI/Stm32_F103C6_EXTI_driver.o
                0x080003ac                EXTI1_IRQHandler
 .text.EXTI2_IRQHandler
                0x080003d0       0x24 ./MCAL/EXTI/Stm32_F103C6_EXTI_driver.o
                0x080003d0                EXTI2_IRQHandler
 .text.EXTI3_IRQHandler
                0x080003f4       0x24 ./MCAL/EXTI/Stm32_F103C6_EXTI_driver.o
                0x080003f4                EXTI3_IRQHandler
 .text.EXTI4_IRQHandler
                0x08000418       0x24 ./MCAL/EXTI/Stm32_F103C6_EXTI_driver.o
                0x08000418                EXTI4_IRQHandler
 .text.EXTI9_5_IRQHandler
                0x0800043c       0x60 ./MCAL/EXTI/Stm32_F103C6_EXTI_driver.o
                0x0800043c                EXTI9_5_IRQHandler
 .text.EXTI15_10_IRQHandler
                0x0800049c       0x60 ./MCAL/EXTI/Stm32_F103C6_EXTI_driver.o
                0x0800049c                EXTI15_10_IRQHandler
 .text.EXTI_INIT
                0x080004fc       0x16 ./MCAL/EXTI/Stm32_F103C6_EXTI_driver.o
                0x080004fc                EXTI_INIT
 *fill*         0x08000512        0x2 
 .text.EXTI_UPDATE
                0x08000514      0x1b0 ./MCAL/EXTI/Stm32_F103C6_EXTI_driver.o
                0x08000514                EXTI_UPDATE
 .text.MCAL_GPIO_Init
                0x080006c4       0xce ./MCAL/GPIO/Stm32_F103C6_gpio_driver.o
                0x080006c4                MCAL_GPIO_Init
 .text.MCAL_GPIO_WritePin
                0x08000792       0x48 ./MCAL/GPIO/Stm32_F103C6_gpio_driver.o
                0x08000792                MCAL_GPIO_WritePin
 .text.delay_ms
                0x080007da       0x3a ./Src/main.o
                0x080007da                delay_ms
 .text.exti_callback
                0x08000814       0x34 ./Src/main.o
                0x08000814                exti_callback
 .text.main     0x08000848       0x80 ./Src/main.o
                0x08000848                main
 .text.Reset_Handler
                0x080008c8       0x50 ./Startup/startup_stm32f103c6tx.o
                0x080008c8                Reset_Handler
 .text.Default_Handler
                0x08000918        0x2 ./Startup/startup_stm32f103c6tx.o
                0x08000918                TIM8_TRG_COM_IRQHandler
                0x08000918                TIM8_CC_IRQHandler
                0x08000918                DebugMon_Handler
                0x08000918                TIM1_CC_IRQHandler
                0x08000918                HardFault_Handler
                0x08000918                TIM6_IRQHandler
                0x08000918                SysTick_Handler
                0x08000918                PVD_IRQHandler
                0x08000918                SDIO_IRQHandler
                0x08000918                PendSV_Handler
                0x08000918                NMI_Handler
                0x08000918                USB_HP_CAN_TX_IRQHandler
                0x08000918                I2C2_EV_IRQHandler
                0x08000918                UsageFault_Handler
                0x08000918                ADC1_2_IRQHandler
                0x08000918                SPI1_IRQHandler
                0x08000918                CAN_SCE_IRQHandler
                0x08000918                TAMPER_IRQHandler
                0x08000918                TIM8_UP_IRQHandler
                0x08000918                DMA2_Channel2_IRQHandler
                0x08000918                DMA1_Channel4_IRQHandler
                0x08000918                USART3_IRQHandler
                0x08000918                RTC_IRQHandler
                0x08000918                DMA1_Channel7_IRQHandler
                0x08000918                UART5_IRQHandler
                0x08000918                ADC3_IRQHandler
                0x08000918                TIM4_IRQHandler
                0x08000918                CAN_RX1_IRQHandler
                0x08000918                DMA2_Channel1_IRQHandler
                0x08000918                I2C1_EV_IRQHandler
                0x08000918                DMA1_Channel6_IRQHandler
                0x08000918                UART4_IRQHandler
                0x08000918                TIM3_IRQHandler
                0x08000918                RCC_IRQHandler
                0x08000918                TIM1_TRG_COM_IRQHandler
                0x08000918                DMA1_Channel1_IRQHandler
                0x08000918                Default_Handler
                0x08000918                TIM7_IRQHandler
                0x08000918                TIM5_IRQHandler
                0x08000918                SPI2_IRQHandler
                0x08000918                USB_LP_CAN_RX0_IRQHandler
                0x08000918                MemManage_Handler
                0x08000918                SVC_Handler
                0x08000918                DMA1_Channel5_IRQHandler
                0x08000918                DMA1_Channel3_IRQHandler
                0x08000918                FSMC_IRQHandler
                0x08000918                TIM1_UP_IRQHandler
                0x08000918                WWDG_IRQHandler
                0x08000918                TIM2_IRQHandler
                0x08000918                TIM1_BRK_IRQHandler
                0x08000918                RTCAlarm_IRQHandler
                0x08000918                DMA2_Channel4_5_IRQHandler
                0x08000918                USART2_IRQHandler
                0x08000918                I2C2_ER_IRQHandler
                0x08000918                DMA1_Channel2_IRQHandler
                0x08000918                TIM8_BRK_IRQHandler
                0x08000918                FLASH_IRQHandler
                0x08000918                BusFault_Handler
                0x08000918                USART1_IRQHandler
                0x08000918                SPI3_IRQHandler
                0x08000918                I2C1_ER_IRQHandler
                0x08000918                DMA2_Channel3_IRQHandler
 *fill*         0x0800091a        0x2 
 .text.__libc_init_array
                0x0800091c       0x48 C:/ST/STM32CubeIDE_1.4.0/STM32CubeIDE/plugins/com.st.stm32cube.ide.mcu.externaltools.gnu-tools-for-stm32.12.3.rel1.win32_1.0.100.202403111256/tools/bin/../lib/gcc/arm-none-eabi/12.3.1/../../../../arm-none-eabi/lib/thumb/v7-m/nofp\libc_nano.a(libc_a-init.o)
                0x0800091c                __libc_init_array
 *(.glue_7)
 .glue_7        0x08000964        0x0 linker stubs
 *(.glue_7t)
 .glue_7t       0x08000964        0x0 linker stubs
 *(.eh_frame)
 .eh_frame      0x08000964        0x0 C:/ST/STM32CubeIDE_1.4.0/STM32CubeIDE/plugins/com.st.stm32cube.ide.mcu.externaltools.gnu-tools-for-stm32.12.3.rel1.win32_1.0.100.202403111256/tools/bin/../lib/gcc/arm-none-eabi/12.3.1/thumb/v7-m/nofp/crtbegin.o
 *(.init)
 .init          0x08000964        0x4 C:/ST/STM32CubeIDE_1.4.0/STM32CubeIDE/plugins/com.st.stm32cube.ide.mcu.externaltools.gnu-tools-for-stm32.12.3.rel1.win32_1.0.100.202403111256/tools/bin/../lib/gcc/arm-none-eabi/12.3.1/thumb/v7-m/nofp/crti.o
                0x08000964                _init
 .init          0x08000968        0x8 C:/ST/STM32CubeIDE_1.4.0/STM32CubeIDE/plugins/com.st.stm32cube.ide.mcu.externaltools.gnu-tools-for-stm32.12.3.rel1.win32_1.0.100.202403111256/tools/bin/../lib/gcc/arm-none-eabi/12.3.1/thumb/v7-m/nofp/crtn.o
 *(.fini)
 .fini          0x08000970        0x4 C:/ST/STM32CubeIDE_1.4.0/STM32CubeIDE/plugins/com.st.stm32cube.ide.mcu.externaltools.gnu-tools-for-stm32.12.3.rel1.win32_1.0.100.202403111256/tools/bin/../lib/gcc/arm-none-eabi/12.3.1/thumb/v7-m/nofp/crti.o
                0x08000970                _fini
 .fini          0x08000974        0x8 C:/ST/STM32CubeIDE_1.4.0/STM32CubeIDE/plugins/com.st.stm32cube.ide.mcu.externaltools.gnu-tools-for-stm32.12.3.rel1.win32_1.0.100.202403111256/tools/bin/../lib/gcc/arm-none-eabi/12.3.1/thumb/v7-m/nofp/crtn.o
                0x0800097c                        . = ALIGN (0x4)
                0x0800097c                        _etext = .

.vfp11_veneer   0x0800097c        0x0
 .vfp11_veneer  0x0800097c        0x0 linker stubs

.v4_bx          0x0800097c        0x0
 .v4_bx         0x0800097c        0x0 linker stubs

.iplt           0x0800097c        0x0
 .iplt          0x0800097c        0x0 C:/ST/STM32CubeIDE_1.4.0/STM32CubeIDE/plugins/com.st.stm32cube.ide.mcu.externaltools.gnu-tools-for-stm32.12.3.rel1.win32_1.0.100.202403111256/tools/bin/../lib/gcc/arm-none-eabi/12.3.1/thumb/v7-m/nofp/crtbegin.o

.rodata         0x0800097c       0x20
                0x0800097c                        . = ALIGN (0x4)
 *(.rodata)
 .rodata        0x0800097c       0x20 ./Src/main.o
 *(.rodata*)
                0x0800099c                        . = ALIGN (0x4)

.ARM.extab      0x0800099c        0x0
                0x0800099c                        . = ALIGN (0x4)
 *(.ARM.extab* .gnu.linkonce.armextab.*)
                0x0800099c                        . = ALIGN (0x4)

.ARM            0x0800099c        0x0
                0x0800099c                        . = ALIGN (0x4)
                0x0800099c                        __exidx_start = .
 *(.ARM.exidx*)
                0x0800099c                        __exidx_end = .
                0x0800099c                        . = ALIGN (0x4)

.preinit_array  0x0800099c        0x0
                0x0800099c                        . = ALIGN (0x4)
                0x0800099c                        PROVIDE (__preinit_array_start = .)
 *(.preinit_array*)
                0x0800099c                        PROVIDE (__preinit_array_end = .)
                0x0800099c                        . = ALIGN (0x4)

.init_array     0x0800099c        0x4
                0x0800099c                        . = ALIGN (0x4)
                0x0800099c                        PROVIDE (__init_array_start = .)
 *(SORT_BY_NAME(.init_array.*))
 *(.init_array*)
 .init_array    0x0800099c        0x4 C:/ST/STM32CubeIDE_1.4.0/STM32CubeIDE/plugins/com.st.stm32cube.ide.mcu.externaltools.gnu-tools-for-stm32.12.3.rel1.win32_1.0.100.202403111256/tools/bin/../lib/gcc/arm-none-eabi/12.3.1/thumb/v7-m/nofp/crtbegin.o
                0x080009a0                        PROVIDE (__init_array_end = .)
                0x080009a0                        . = ALIGN (0x4)

.fini_array     0x080009a0        0x4
                0x080009a0                        . = ALIGN (0x4)
                [!provide]                        PROVIDE (__fini_array_start = .)
 *(SORT_BY_NAME(.fini_array.*))
 *(.fini_array*)
 .fini_array    0x080009a0        0x4 C:/ST/STM32CubeIDE_1.4.0/STM32CubeIDE/plugins/com.st.stm32cube.ide.mcu.externaltools.gnu-tools-for-stm32.12.3.rel1.win32_1.0.100.202403111256/tools/bin/../lib/gcc/arm-none-eabi/12.3.1/thumb/v7-m/nofp/crtbegin.o
                [!provide]                        PROVIDE (__fini_array_end = .)
                0x080009a4                        . = ALIGN (0x4)
                0x080009a4                        _sidata = LOADADDR (.data)

.rel.dyn        0x080009a4        0x0
 .rel.iplt      0x080009a4        0x0 C:/ST/STM32CubeIDE_1.4.0/STM32CubeIDE/plugins/com.st.stm32cube.ide.mcu.externaltools.gnu-tools-for-stm32.12.3.rel1.win32_1.0.100.202403111256/tools/bin/../lib/gcc/arm-none-eabi/12.3.1/thumb/v7-m/nofp/crtbegin.o

.data           0x20000000        0x0 load address 0x080009a4
                0x20000000                        . = ALIGN (0x4)
                0x20000000                        _sdata = .
 *(.data)
 *(.data*)
 *(.RamFunc)
 *(.RamFunc*)
                0x20000000                        . = ALIGN (0x4)
                0x20000000                        _edata = .

.igot.plt       0x20000000        0x0 load address 0x080009a4
 .igot.plt      0x20000000        0x0 C:/ST/STM32CubeIDE_1.4.0/STM32CubeIDE/plugins/com.st.stm32cube.ide.mcu.externaltools.gnu-tools-for-stm32.12.3.rel1.win32_1.0.100.202403111256/tools/bin/../lib/gcc/arm-none-eabi/12.3.1/thumb/v7-m/nofp/crtbegin.o
                0x20000000                        . = ALIGN (0x4)

.bss            0x20000000       0x5c load address 0x080009a4
                0x20000000                        _sbss = .
                0x20000000                        __bss_start__ = _sbss
 *(.bss)
 .bss           0x20000000       0x1c C:/ST/STM32CubeIDE_1.4.0/STM32CubeIDE/plugins/com.st.stm32cube.ide.mcu.externaltools.gnu-tools-for-stm32.12.3.rel1.win32_1.0.100.202403111256/tools/bin/../lib/gcc/arm-none-eabi/12.3.1/thumb/v7-m/nofp/crtbegin.o
 *(.bss*)
 .bss.EXTI_IRQ_FUN
                0x2000001c       0x40 ./MCAL/EXTI/Stm32_F103C6_EXTI_driver.o
                0x2000001c                EXTI_IRQ_FUN
 *(COMMON)
                0x2000005c                        . = ALIGN (0x4)
                0x2000005c                        _ebss = .
                0x2000005c                        __bss_end__ = _ebss

._user_heap_stack
                0x2000005c      0x604 load address 0x080009a4
                0x20000060                        . = ALIGN (0x8)
 *fill*         0x2000005c        0x4 
                [!provide]                        PROVIDE (end = .)
                0x20000060                        PROVIDE (_end = .)
                0x20000260                        . = (. + _Min_Heap_Size)
 *fill*         0x20000060      0x200 
                0x20000660                        . = (. + _Min_Stack_Size)
 *fill*         0x20000260      0x400 
                0x20000660                        . = ALIGN (0x8)

/DISCARD/
 libc.a(*)
 libm.a(*)
 libgcc.a(*)

.ARM.attributes
                0x00000000       0x29
 *(.ARM.attributes)
 .ARM.attributes
                0x00000000       0x1d C:/ST/STM32CubeIDE_1.4.0/STM32CubeIDE/plugins/com.st.stm32cube.ide.mcu.externaltools.gnu-tools-for-stm32.12.3.rel1.win32_1.0.100.202403111256/tools/bin/../lib/gcc/arm-none-eabi/12.3.1/thumb/v7-m/nofp/crti.o
 .ARM.attributes
                0x0000001d       0x2d C:/ST/STM32CubeIDE_1.4.0/STM32CubeIDE/plugins/com.st.stm32cube.ide.mcu.externaltools.gnu-tools-for-stm32.12.3.rel1.win32_1.0.100.202403111256/tools/bin/../lib/gcc/arm-none-eabi/12.3.1/thumb/v7-m/nofp/crtbegin.o
 .ARM.attributes
                0x0000004a       0x2d ./HAL/LCD_DRIVER/LCD.o
 .ARM.attributes
                0x00000077       0x2d ./MCAL/EXTI/Stm32_F103C6_EXTI_driver.o
 .ARM.attributes
                0x000000a4       0x2d ./MCAL/GPIO/Stm32_F103C6_gpio_driver.o
 .ARM.attributes
                0x000000d1       0x2d ./Src/main.o
 .ARM.attributes
                0x000000fe       0x21 ./Startup/startup_stm32f103c6tx.o
 .ARM.attributes
                0x0000011f       0x2d C:/ST/STM32CubeIDE_1.4.0/STM32CubeIDE/plugins/com.st.stm32cube.ide.mcu.externaltools.gnu-tools-for-stm32.12.3.rel1.win32_1.0.100.202403111256/tools/bin/../lib/gcc/arm-none-eabi/12.3.1/../../../../arm-none-eabi/lib/thumb/v7-m/nofp\libc_nano.a(libc_a-init.o)
 .ARM.attributes
                0x0000014c       0x1d C:/ST/STM32CubeIDE_1.4.0/STM32CubeIDE/plugins/com.st.stm32cube.ide.mcu.externaltools.gnu-tools-for-stm32.12.3.rel1.win32_1.0.100.202403111256/tools/bin/../lib/gcc/arm-none-eabi/12.3.1/thumb/v7-m/nofp/crtn.o
OUTPUT(unit7_lesson4_EXTI.elf elf32-littlearm)
LOAD linker stubs
LOAD C:/ST/STM32CubeIDE_1.4.0/STM32CubeIDE/plugins/com.st.stm32cube.ide.mcu.externaltools.gnu-tools-for-stm32.12.3.rel1.win32_1.0.100.202403111256/tools/bin/../lib/gcc/arm-none-eabi/12.3.1/../../../../arm-none-eabi/lib/thumb/v7-m/nofp\libc.a
LOAD C:/ST/STM32CubeIDE_1.4.0/STM32CubeIDE/plugins/com.st.stm32cube.ide.mcu.externaltools.gnu-tools-for-stm32.12.3.rel1.win32_1.0.100.202403111256/tools/bin/../lib/gcc/arm-none-eabi/12.3.1/../../../../arm-none-eabi/lib/thumb/v7-m/nofp\libm.a
LOAD C:/ST/STM32CubeIDE_1.4.0/STM32CubeIDE/plugins/com.st.stm32cube.ide.mcu.externaltools.gnu-tools-for-stm32.12.3.rel1.win32_1.0.100.202403111256/tools/bin/../lib/gcc/arm-none-eabi/12.3.1/thumb/v7-m/nofp\libgcc.a

.debug_info     0x00000000     0x10cd
 .debug_info    0x00000000      0x360 ./HAL/LCD_DRIVER/LCD.o
 .debug_info    0x00000360      0x53a ./MCAL/EXTI/Stm32_F103C6_EXTI_driver.o
 .debug_info    0x0000089a      0x475 ./MCAL/GPIO/Stm32_F103C6_gpio_driver.o
 .debug_info    0x00000d0f      0x38e ./Src/main.o
 .debug_info    0x0000109d       0x30 ./Startup/startup_stm32f103c6tx.o

.debug_abbrev   0x00000000      0x517
 .debug_abbrev  0x00000000      0x150 ./HAL/LCD_DRIVER/LCD.o
 .debug_abbrev  0x00000150      0x168 ./MCAL/EXTI/Stm32_F103C6_EXTI_driver.o
 .debug_abbrev  0x000002b8       0xec ./MCAL/GPIO/Stm32_F103C6_gpio_driver.o
 .debug_abbrev  0x000003a4      0x156 ./Src/main.o
 .debug_abbrev  0x000004fa       0x1d ./Startup/startup_stm32f103c6tx.o

.debug_loc      0x00000000      0x844
 .debug_loc     0x00000000      0x244 ./HAL/LCD_DRIVER/LCD.o
 .debug_loc     0x00000244      0x260 ./MCAL/EXTI/Stm32_F103C6_EXTI_driver.o
 .debug_loc     0x000004a4      0x2e0 ./MCAL/GPIO/Stm32_F103C6_gpio_driver.o
 .debug_loc     0x00000784       0xc0 ./Src/main.o

.debug_aranges  0x00000000      0x170
 .debug_aranges
                0x00000000       0x58 ./HAL/LCD_DRIVER/LCD.o
 .debug_aranges
                0x00000058       0x68 ./MCAL/EXTI/Stm32_F103C6_EXTI_driver.o
 .debug_aranges
                0x000000c0       0x58 ./MCAL/GPIO/Stm32_F103C6_gpio_driver.o
 .debug_aranges
                0x00000118       0x30 ./Src/main.o
 .debug_aranges
                0x00000148       0x28 ./Startup/startup_stm32f103c6tx.o

.debug_ranges   0x00000000      0x128
 .debug_ranges  0x00000000       0x48 ./HAL/LCD_DRIVER/LCD.o
 .debug_ranges  0x00000048       0x58 ./MCAL/EXTI/Stm32_F103C6_EXTI_driver.o
 .debug_ranges  0x000000a0       0x48 ./MCAL/GPIO/Stm32_F103C6_gpio_driver.o
 .debug_ranges  0x000000e8       0x20 ./Src/main.o
 .debug_ranges  0x00000108       0x20 ./Startup/startup_stm32f103c6tx.o

.debug_macro    0x00000000      0xc2d
 .debug_macro   0x00000000      0x1cc ./HAL/LCD_DRIVER/LCD.o
 .debug_macro   0x000001cc       0x28 ./HAL/LCD_DRIVER/LCD.o
 .debug_macro   0x000001f4       0x82 ./HAL/LCD_DRIVER/LCD.o
 .debug_macro   0x00000276      0x1c6 ./MCAL/EXTI/Stm32_F103C6_EXTI_driver.o
 .debug_macro   0x0000043c       0xd6 ./MCAL/EXTI/Stm32_F103C6_EXTI_driver.o
 .debug_macro   0x00000512       0x3a ./MCAL/EXTI/Stm32_F103C6_EXTI_driver.o
 .debug_macro   0x0000054c      0x18f ./MCAL/EXTI/Stm32_F103C6_EXTI_driver.o
 .debug_macro   0x000006db      0x1b4 ./MCAL/GPIO/Stm32_F103C6_gpio_driver.o
 .debug_macro   0x0000088f      0x1e0 ./Src/main.o
 .debug_macro   0x00000a6f       0x8e ./Src/main.o
 .debug_macro   0x00000afd       0x51 ./Src/main.o
 .debug_macro   0x00000b4e       0x61 ./Src/main.o
 .debug_macro   0x00000baf       0x10 ./Src/main.o
 .debug_macro   0x00000bbf       0x2e ./Src/main.o
 .debug_macro   0x00000bed       0x40 ./Src/main.o

.debug_line     0x00000000     0x21ad
 .debug_line    0x00000000      0x810 ./HAL/LCD_DRIVER/LCD.o
 .debug_line    0x00000810      0x893 ./MCAL/EXTI/Stm32_F103C6_EXTI_driver.o
 .debug_line    0x000010a3      0x839 ./MCAL/GPIO/Stm32_F103C6_gpio_driver.o
 .debug_line    0x000018dc      0x84d ./Src/main.o
 .debug_line    0x00002129       0x84 ./Startup/startup_stm32f103c6tx.o

.debug_str      0x00000000     0xa857
 .debug_str     0x00000000     0x93a2 ./HAL/LCD_DRIVER/LCD.o
                               0x95a9 (size before relaxing)
 .debug_str     0x000093a2     0x12d0 ./MCAL/EXTI/Stm32_F103C6_EXTI_driver.o
                               0xa4f0 (size before relaxing)
 .debug_str     0x0000a672       0xf2 ./MCAL/GPIO/Stm32_F103C6_gpio_driver.o
                               0x9349 (size before relaxing)
 .debug_str     0x0000a764       0xb4 ./Src/main.o
                               0xa70e (size before relaxing)
 .debug_str     0x0000a818       0x3f ./Startup/startup_stm32f103c6tx.o
                                 0x90 (size before relaxing)

.comment        0x00000000       0x43
 .comment       0x00000000       0x43 ./HAL/LCD_DRIVER/LCD.o
                                 0x44 (size before relaxing)
 .comment       0x00000043       0x44 ./MCAL/EXTI/Stm32_F103C6_EXTI_driver.o
 .comment       0x00000043       0x44 ./MCAL/GPIO/Stm32_F103C6_gpio_driver.o
 .comment       0x00000043       0x44 ./Src/main.o

.debug_frame    0x00000000      0x464
 .debug_frame   0x00000000      0x124 ./HAL/LCD_DRIVER/LCD.o
 .debug_frame   0x00000124      0x150 ./MCAL/EXTI/Stm32_F103C6_EXTI_driver.o
 .debug_frame   0x00000274      0x150 ./MCAL/GPIO/Stm32_F103C6_gpio_driver.o
 .debug_frame   0x000003c4       0x74 ./Src/main.o
 .debug_frame   0x00000438       0x2c C:/ST/STM32CubeIDE_1.4.0/STM32CubeIDE/plugins/com.st.stm32cube.ide.mcu.externaltools.gnu-tools-for-stm32.12.3.rel1.win32_1.0.100.202403111256/tools/bin/../lib/gcc/arm-none-eabi/12.3.1/../../../../arm-none-eabi/lib/thumb/v7-m/nofp\libc_nano.a(libc_a-init.o)
